[ 29%] Building CXX object CMakeFiles/aestool_core.dir/src/encoding.cpp.o
[ 29%] Building CXX object CMakeFiles/aestool_core.dir/src/aes_xts.cpp.o
[ 29%] Building CXX object CMakeFiles/aestool_core.dir/src/file_utils.cpp.o
[ 29%] Building CXX object CMakeFiles/aestool_core.dir/src/aes_ccm.cpp.o
[ 29%] Building CXX object CMakeFiles/aestool_core.dir/src/cli.cpp.o
[ 35%] Building CXX object CMakeFiles/aestool_core.dir/src/aes_classic.cpp.o
[ 41%] Building CXX object CMakeFiles/aestool_core.dir/src/aes_gcm.cpp.o
[ 47%] Building CXX object CMakeFiles/aestool_core.dir/src/bench.cpp.o
[ 52%] Building CXX object CMakeFiles/aestool_core.dir/src/crypto_utils.cpp.o
[ 58%] Building CXX object CMakeFiles/aestool_core.dir/src/aes_kat.cpp.o
[ 64%] Building CXX object CMakeFiles/aestool_core.dir/src/nonce_registry.cpp.o
[ 70%] Building CXX object CMakeFiles/aestool_core.dir/src/metadata.cpp.o
[ 76%] Linking CXX static library libaestool_core.a
[ 76%] Built target aestool_core
[ 82%] Building CXX object CMakeFiles/aestool_unit_tests.dir/tests/test_crypto_core.cpp.o
[ 88%] Building CXX object CMakeFiles/aestool.dir/src/main.cpp.o
[ 94%] Linking CXX executable aestool
[ 94%] Built target aestool
[100%] Linking CXX executable aestool_unit_tests
[100%] Built target aestool_unit_tests
