===== OS =====
PRETTY_NAME="Ubuntu 24.04.4 LTS"
NAME="Ubuntu"
VERSION_ID="24.04"
VERSION="24.04.4 LTS (Noble Numbat)"
VERSION_CODENAME=noble
ID=ubuntu
ID_LIKE=debian
HOME_URL="https://www.ubuntu.com/"
SUPPORT_URL="https://help.ubuntu.com/"
BUG_REPORT_URL="https://bugs.launchpad.net/ubuntu/"
PRIVACY_POLICY_URL="https://www.ubuntu.com/legal/terms-and-policies/privacy-policy"
UBUNTU_CODENAME=noble
LOGO=ubuntu-logo
Linux RVAN1102-TUF-GAMINGA15 6.17.0-35-generic #35~24.04.1-Ubuntu SMP PREEMPT_DYNAMIC Tue May 26 19:30:42 UTC 2 x86_64 x86_64 x86_64 GNU/Linux

===== CPU =====
model name	: AMD Ryzen 5 7535HS with Radeon Graphics
cores_threads: 12

===== RAM =====
               total        used        free      shared  buff/cache   available
Mem:           7.1Gi       4.4Gi       484Mi        32Mi       2.4Gi       2.7Gi
Swap:          7.6Gi       316Ki       7.6Gi

===== COMPILER =====
g++ (Ubuntu 13.3.0-6ubuntu2~24.04.1) 13.3.0
Copyright (C) 2023 Free Software Foundation, Inc.
This is free software; see the source for copying conditions.  There is NO
warranty; not even for MERCHANTABILITY or FITNESS FOR A PARTICULAR PURPOSE.

cmake version 3.28.3

CMake suite maintained and supported by Kitware (kitware.com/cmake).

===== CRYPTOPP =====
/usr/include/cryptopp
/usr/lib/x86_64-linux-gnu/libcryptopp.so
/usr/lib/x86_64-linux-gnu/libcryptopp.so.8
/usr/lib/x86_64-linux-gnu/libcryptopp.a
