timestamp_utc=2026-06-25T16:32:50Z
repository_root=/home/rvan1102/Crypto_Labs_All
platform=ubuntu-linux
Linux RVAN1102-TUF-GAMINGA15 6.17.0-35-generic #35~24.04.1-Ubuntu SMP PREEMPT_DYNAMIC Tue May 26 19:30:42 UTC 2 x86_64 x86_64 x86_64 GNU/Linux
Distributor ID:	Ubuntu
Description:	Ubuntu 24.04.4 LTS
Release:	24.04
Codename:	noble
cmake version 3.28.3

CMake suite maintained and supported by Kitware (kitware.com/cmake).
c++ (Ubuntu 13.3.0-6ubuntu2~24.04.1) 13.3.0
Copyright (C) 2023 Free Software Foundation, Inc.
This is free software; see the source for copying conditions.  There is NO
warranty; not even for MERCHANTABILITY or FITNESS FOR A PARTICULAR PURPOSE.

OpenSSL 3.0.13 30 Jan 2024 (Library: OpenSSL 3.0.13 30 Jan 2024)
built on: Tue Jun  2 19:33:25 2026 UTC
platform: debian-amd64
options:  bn(64,64)
compiler: gcc -fPIC -pthread -m64 -Wa,--noexecstack -Wall -fzero-call-used-regs=used-gpr -DOPENSSL_TLS_SECURITY_LEVEL=2 -Wa,--noexecstack -g -O2 -fno-omit-frame-pointer -mno-omit-leaf-frame-pointer -ffile-prefix-map=/build/openssl-gza1f8/openssl-3.0.13=. -fstack-protector-strong -fstack-clash-protection -Wformat -Werror=format-security -fcf-protection -fdebug-prefix-map=/build/openssl-gza1f8/openssl-3.0.13=/usr/src/openssl-3.0.13-0ubuntu3.11 -DOPENSSL_USE_NODELETE -DL_ENDIAN -DOPENSSL_PIC -DOPENSSL_BUILDING_OPENSSL -DNDEBUG -Wdate-time -D_FORTIFY_SOURCE=3
OPENSSLDIR: "/usr/lib/ssl"
ENGINESDIR: "/usr/lib/x86_64-linux-gnu/engines-3"
MODULESDIR: "/usr/lib/x86_64-linux-gnu/ossl-modules"
Seeding source: os-specific
CPUINFO: OPENSSL_ia32cap=0x7ef8320b078bffff:0x40069c219c97a9
