[  5%] Building CXX object CMakeFiles/aestool_core.dir/src/cli.cpp.obj
[ 11%] Building CXX object CMakeFiles/aestool_core.dir/src/encoding.cpp.obj
[ 17%] Building CXX object CMakeFiles/aestool_core.dir/src/file_utils.cpp.obj
[ 23%] Building CXX object CMakeFiles/aestool_core.dir/src/crypto_utils.cpp.obj
[ 29%] Building CXX object CMakeFiles/aestool_core.dir/src/aes_ccm.cpp.obj
[ 35%] Building CXX object CMakeFiles/aestool_core.dir/src/aes_xts.cpp.obj
[ 41%] Building CXX object CMakeFiles/aestool_core.dir/src/aes_gcm.cpp.obj
[ 47%] Building CXX object CMakeFiles/aestool_core.dir/src/aes_classic.cpp.obj
[ 52%] Building CXX object CMakeFiles/aestool_core.dir/src/aes_kat.cpp.obj
[ 58%] Building CXX object CMakeFiles/aestool_core.dir/src/bench.cpp.obj
[ 64%] Building CXX object CMakeFiles/aestool_core.dir/src/nonce_registry.cpp.obj
[ 70%] Building CXX object CMakeFiles/aestool_core.dir/src/metadata.cpp.obj
[ 76%] Linking CXX static library libaestool_core.a
[ 76%] Built target aestool_core
[ 82%] Building CXX object CMakeFiles/aestool_unit_tests.dir/tests/test_crypto_core.cpp.obj
[ 88%] Building CXX object CMakeFiles/aestool.dir/src/main.cpp.obj
[ 94%] Linking CXX executable aestool.exe
[100%] Linking CXX executable aestool_unit_tests.exe
[100%] Built target aestool
[100%] Built target aestool_unit_tests
