Local self-signed TLS practice files created under: D:\Newfolder\Crypto_Labs_All\lab4_hash_pki\demos\tls\local
No public trust is claimed.
TLS local self-signed practice run: PASS

Generated:
- D:\Newfolder\Crypto_Labs_All\lab4_hash_pki\demos\tls\local\localhost_ecdsa_key.pem
- D:\Newfolder\Crypto_Labs_All\lab4_hash_pki\demos\tls\local\localhost_self_signed_cert.pem

This certificate is self-signed and valid only for local configuration practice.
It includes SAN DNS:localhost and IP:127.0.0.1.
No admin privileges were required.
No public trusted-root TLS deployment is claimed.
Trusted-root evidence remains pending until an owned domain and CA-issued certificate chain are available.
Certificate:
    Data:
        Version: 3 (0x2)
        Serial Number:
            65:54:0f:1f:29:79:77:b8:cb:0a:4f:dd:0d:3c:99:7b:22:b5:31:3a
        Signature Algorithm: ecdsa-with-SHA256
        Issuer: CN=localhost
        Validity
            Not Before: Jun 24 23:41:00 2026 GMT
            Not After : Jul 24 23:41:00 2026 GMT
        Subject: CN=localhost
        Subject Public Key Info:
            Public Key Algorithm: id-ecPublicKey
                Public-Key: (256 bit)
                pub:
                    04:90:00:fc:72:99:b9:ed:b3:41:3c:9d:3d:ea:2d:
                    72:3b:ae:8e:83:6a:9c:c7:29:6e:ed:52:56:5e:14:
                    f3:1a:78:2d:86:86:94:73:7c:1a:80:d0:be:d1:78:
                    ad:7e:90:91:08:af:29:48:a3:29:1a:35:bb:d5:0c:
                    fe:91:ec:f7:92
                ASN1 OID: prime256v1
                NIST CURVE: P-256
        X509v3 extensions:
            X509v3 Basic Constraints: critical
                CA:FALSE
            X509v3 Key Usage: critical
                Digital Signature
            X509v3 Extended Key Usage: 
                TLS Web Server Authentication
            X509v3 Subject Alternative Name: 
                DNS:localhost, IP Address:127.0.0.1
            X509v3 Subject Key Identifier: 
                F3:97:C7:E1:A1:CE:7B:EC:30:D7:6C:45:5B:8A:1B:9D:9E:AC:F3:96
    Signature Algorithm: ecdsa-with-SHA256
    Signature Value:
        30:45:02:20:4b:69:cb:e1:2b:c3:36:2b:08:fd:14:02:6b:bd:
        67:7e:aa:7f:38:c0:94:9e:d6:8a:64:16:b3:00:50:0e:d5:fc:
        02:21:00:da:e0:57:a9:cb:8a:0b:b1:30:63:60:7f:03:4d:5a:
        2c:0e:76:b8:bd:c1:84:9b:64:bb:be:98:9b:5c:28:e9:9c
