===== logs =====
logs/artifact_inventory_windows.log
logs/artifact_inventory_windows_standard.log
logs/bench_smoke_windows.log
logs/bench_windows.log
logs/bench_windows_hybrid_100m.log
logs/bench_windows_hybrid_100m_standard.log
logs/bench_windows_standard.log
logs/build_windows.log
logs/build_windows_mingw64.log
logs/build_windows_standard.log
logs/configure_windows.log
logs/configure_windows_mingw64.log
logs/configure_windows_standard.log
logs/ctest_windows.log
logs/ctest_windows_standard.log
logs/environment_windows.log
logs/environment_windows_standard.log
logs/gtest_windows.log
logs/help_windows.log
logs/help_windows_standard.log
logs/kat_windows.log
logs/kat_windows_standard.log
logs/manual_key_auto_windows.log
logs/negative_tests_windows.log
logs/negative_tests_windows_standard.log
logs/tool_path_windows.log
logs/unit_tests_windows.log
logs/unit_tests_windows_standard.log
logs/verification_summary_windows_standard.log

===== benchmark CSVs =====
bench/bench_windows_hybrid_100m_raw.csv
bench/bench_windows_hybrid_100m_summary.csv
bench/bench_windows_raw.csv
bench/bench_windows_smoke_raw.csv
bench/bench_windows_smoke_summary.csv
bench/bench_windows_summary.csv

===== generated vectors if any =====
vectors/rsa_hybrid_kat.json

===== binaries copied by evidence runner =====
binaries/rsatool.exe
binaries/rsatool_unit_tests.exe
