artifacts\windows\bench\bench_windows_raw.csv
artifacts\windows\bench\bench_windows_smoke_raw.csv
artifacts\windows\bench\bench_windows_smoke_summary.csv
artifacts\windows\bench\bench_windows_summary.csv
artifacts\windows\binaries\rsatool.exe
artifacts\windows\binaries\rsatool_unit_tests.exe
artifacts\windows\logs\bench_smoke_windows.log
artifacts\windows\logs\bench_windows.log
artifacts\windows\logs\build_windows.log
artifacts\windows\logs\build_windows_mingw64.log
artifacts\windows\logs\configure_windows.log
artifacts\windows\logs\configure_windows_mingw64.log
artifacts\windows\logs\ctest_windows.log
artifacts\windows\logs\gtest_windows.log
artifacts\windows\logs\help_windows.log
artifacts\windows\logs\kat_windows.log
artifacts\windows\logs\manual_key_auto_windows.log
artifacts\windows\logs\negative_tests_windows.log
artifacts\windows\logs\tool_path_windows.log
artifacts\windows\logs\unit_tests_windows.log
artifacts\windows\vectors\rsa_hybrid_kat.json
