===== OS =====
Caption        : Microsoft Windows 11 Home Single Language
Version        : 10.0.26200
OSArchitecture : 64-bit

===== Architecture =====
PROCESSOR_ARCHITECTURE=AMD64

===== Machine / model =====
Manufacturer        : ASUSTeK COMPUTER INC.
Model               : ASUS TUF Gaming A15 FA506NF_FA506NF
TotalPhysicalMemory : 7863046144

===== CPU / cores / threads =====
Name                      : AMD Ryzen 5 7535HS with Radeon Graphics        
NumberOfCores             : 6
NumberOfLogicalProcessors : 12
MaxClockSpeed             : 3301

===== RAM =====
TotalPhysicalMemory : 7863046144

===== Compiler =====
g++.exe (Rev5, Built by MSYS2 project) 16.1.0
Copyright (C) 2026 Free Software Foundation, Inc.
This is free software; see the source for copying conditions.  There is NO
warranty; not even for MERCHANTABILITY or FITNESS FOR A PARTICULAR PURPOSE.

===== CMake =====
cmake version 4.3.3

CMake suite maintained and supported by Kitware (kitware.com/cmake).

===== Crypto++ =====
Include: D:\Newfolder\Crypto++
Library: D:\Newfolder\Crypto++\libcryptopp.a
FullName                              Length
--------                              ------
D:\Newfolder\Crypto++\cryptlib.h      181761
D:\Newfolder\Crypto++\libcryptopp.a 94339698
