==== curl local Apache connection via --resolve ====
* Added bavan.infinityfreeapp.com:443:127.0.0.1 to DNS cache
* Hostname bavan.infinityfreeapp.com was found in DNS cache
  % Total    % Received % Xferd  Average Speed   Time    Time     Time  Current
                                 Dload  Upload   Total   Spent    Left  Speed
  0     0    0     0    0     0      0      0 --:--:-- --:--:-- --:--:--     0*   Trying 127.0.0.1:443...
* Connected to bavan.infinityfreeapp.com (127.0.0.1) port 443
* ALPN: curl offers h2,http/1.1
} [5 bytes data]
* TLSv1.3 (OUT), TLS handshake, Client hello (1):
} [512 bytes data]
*  CAfile: /etc/ssl/certs/ca-certificates.crt
*  CApath: /etc/ssl/certs
{ [5 bytes data]
* TLSv1.3 (IN), TLS handshake, Server hello (2):
{ [122 bytes data]
* TLSv1.3 (IN), TLS handshake, Encrypted Extensions (8):
{ [25 bytes data]
* TLSv1.3 (IN), TLS handshake, Certificate (11):
{ [1791 bytes data]
* TLSv1.3 (IN), TLS handshake, CERT verify (15):
{ [111 bytes data]
* TLSv1.3 (IN), TLS handshake, Finished (20):
{ [52 bytes data]
* TLSv1.3 (OUT), TLS change cipher, Change cipher spec (1):
} [1 bytes data]
* TLSv1.3 (OUT), TLS handshake, Finished (20):
} [52 bytes data]
* SSL connection using TLSv1.3 / TLS_AES_256_GCM_SHA384 / X25519 / id-ecPublicKey
* ALPN: server accepted http/1.1
* Server certificate:
*  subject: CN=bavan.infinityfreeapp.com
*  start date: Jun 19 00:00:00 2026 GMT
*  expire date: Sep 17 23:59:59 2026 GMT
*  subjectAltName: host "bavan.infinityfreeapp.com" matched cert's "bavan.infinityfreeapp.com"
*  issuer: C=AT; O=ZeroSSL GmbH; CN=ZeroSSL ECC DV SSL CA 2
*  SSL certificate verify ok.
*   Certificate level 0: Public key type EC/secp384r1 (384/192 Bits/secBits), signed using ecdsa-with-SHA256
*   Certificate level 1: Public key type EC/prime256v1 (256/128 Bits/secBits), signed using ecdsa-with-SHA384
*   Certificate level 2: Public key type EC/secp384r1 (384/192 Bits/secBits), signed using ecdsa-with-SHA384
* using HTTP/1.x
} [5 bytes data]
> HEAD / HTTP/1.1
> Host: bavan.infinityfreeapp.com
> User-Agent: curl/8.5.0
> Accept: */*
> 
{ [5 bytes data]
* TLSv1.3 (IN), TLS handshake, Newsession Ticket (4):
{ [57 bytes data]
* TLSv1.3 (IN), TLS handshake, Newsession Ticket (4):
{ [57 bytes data]
* old SSL session ID is stale, removing
{ [5 bytes data]
< HTTP/1.1 200 OK
< Date: Thu, 25 Jun 2026 16:04:18 GMT
< Server: Apache/2.4.58 (Ubuntu)
< Last-Modified: Thu, 25 Jun 2026 16:02:39 GMT
< ETag: "107-655161f11b897"
< Accept-Ranges: bytes
< Content-Length: 263
< Vary: Accept-Encoding
< Content-Type: text/html
< 
  0   263    0     0    0     0      0      0 --:--:-- --:--:-- --:--:--     0
* Connection #0 to host bavan.infinityfreeapp.com left intact
HTTP/1.1 200 OK
Date: Thu, 25 Jun 2026 16:04:18 GMT
Server: Apache/2.4.58 (Ubuntu)
Last-Modified: Thu, 25 Jun 2026 16:02:39 GMT
ETag: "107-655161f11b897"
Accept-Ranges: bytes
Content-Length: 263
Vary: Accept-Encoding
Content-Type: text/html

